// Jest Snapshot v1, https://goo.gl/fbAQLP

exports[`Testing Getaways page should render a list of randomized getaways 1`] = `
<ul
  aria-label="getaways"
>
  <li>
    <div>
      <a
        activeclassname="selected"
        exact="true"
        href="/places/60ac55a713f85d2a6af9a1ff"
      >
        <h2>
          Licensed Cloned Hotel
        </h2>
      </a>
      <img
        alt="image"
        src="http://placeimg.com/400/400/nature"
      />
      <p>
        New range of formal shirts are designed keeping you in mind. With fits and styling that will make you stand apart
      </p>
      <p>
        Address: 
        23804 Douglas Port, Watsonmouth, New Mexico, 66770-0496
      </p>
      <p>
        $$$: $
        336
      </p>
    </div>
  </li>
  <li>
    <div>
      <a
        activeclassname="selected"
        exact="true"
        href="/places/60ac55a713f85d2a6af9a200"
      >
        <h2>
          Sleek Ameliorated Zoo
        </h2>
      </a>
      <img
        alt="image"
        src="http://placeimg.com/400/400/nightlife"
      />
      <p>
        The Nagasaki Lander is the trademarked name of several series of Nagasaki sport bikes, that started with the 1984 ABC800J
      </p>
      <p>
        Address: 
        31895 Rosenbaum Stream, Antelope, Louisiana, 98099
      </p>
      <p>
        $$$: $
        387
      </p>
    </div>
  </li>
  <li>
    <div>
      <a
        activeclassname="selected"
        exact="true"
        href="/places/60ac55a713f85d2a6af9a201"
      >
        <h2>
          Gorgeous Optimized Motel
        </h2>
      </a>
      <img
        alt="image"
        src="http://placeimg.com/400/400"
      />
      <p>
        The Apollotech B340 is an affordable wireless mouse with reliable connectivity, 12 months battery life and modern design
      </p>
      <p>
        Address: 
        7586 Parker Vista, South Raquel, New Jersey, 80980-9785
      </p>
      <p>
        $$$: $
        214
      </p>
    </div>
  </li>
  <li>
    <div>
      <a
        activeclassname="selected"
        exact="true"
        href="/places/60ac55a713f85d2a6af9a202"
      >
        <h2>
          Generic Multi-layered Express
        </h2>
      </a>
      <img
        alt="image"
        src="http://placeimg.com/400/400"
      />
      <p>
        Ergonomic executive chair upholstered in bonded black leather and PVC padded seat and back for all-day comfort and support
      </p>
      <p>
        Address: 
        5480 Elta Inlet, Kovacekstad, South Carolina, 95437-4770
      </p>
      <p>
        $$$: $
        146
      </p>
    </div>
  </li>
  <li>
    <div>
      <a
        activeclassname="selected"
        exact="true"
        href="/places/60ac55a713f85d2a6af9a203"
      >
        <h2>
          Fantastic Enhanced Express
        </h2>
      </a>
      <img
        alt="image"
        src="http://placeimg.com/400/400/nightlife"
      />
      <p>
        The automobile layout consists of a front-engine design, with transaxle-type transmissions mounted at the rear of the engine and four wheel drive
      </p>
      <p>
        Address: 
        14504 Kaden Fields, Isabelleview, Rhode Island, 93952
      </p>
      <p>
        $$$: $
        224
      </p>
    </div>
  </li>
  <li>
    <div>
      <a
        activeclassname="selected"
        exact="true"
        href="/places/60ac55a713f85d2a6af9a204"
      >
        <h2>
          Rustic Visionary Suites
        </h2>
      </a>
      <img
        alt="image"
        src="http://placeimg.com/400/400"
      />
      <p>
        New ABC 13 9370, 13.3, 5th Gen CoreA5-8250U, 8GB RAM, 256GB SSD, power UHD Graphics, OS 10 Home, OS Office A & J 2016
      </p>
      <p>
        Address: 
        8059 Monahan Walk, Broderickhaven, Tennessee, 43180
      </p>
      <p>
        $$$: $
        482
      </p>
    </div>
  </li>
  <li>
    <div>
      <a
        activeclassname="selected"
        exact="true"
        href="/places/60ac55a713f85d2a6af9a205"
      >
        <h2>
          Gorgeous Ergonomic Motel
        </h2>
      </a>
      <img
        alt="image"
        src="http://placeimg.com/400/400"
      />
      <p>
        New ABC 13 9370, 13.3, 5th Gen CoreA5-8250U, 8GB RAM, 256GB SSD, power UHD Graphics, OS 10 Home, OS Office A & J 2016
      </p>
      <p>
        Address: 
        0004 Boehm Falls, North Assuntaton, Oklahoma, 97915-9396
      </p>
      <p>
        $$$: $
        120
      </p>
    </div>
  </li>
  <li>
    <div>
      <a
        activeclassname="selected"
        exact="true"
        href="/places/60ac55a713f85d2a6af9a206"
      >
        <h2>
          Tasty Networked Express
        </h2>
      </a>
      <img
        alt="image"
        src="http://placeimg.com/400/400/nightlife"
      />
      <p>
        The Apollotech B340 is an affordable wireless mouse with reliable connectivity, 12 months battery life and modern design
      </p>
      <p>
        Address: 
        09476 Reinger Well, Hansenview, Mississippi, 49671
      </p>
      <p>
        $$$: $
        270
      </p>
    </div>
  </li>
  <li>
    <div>
      <a
        activeclassname="selected"
        exact="true"
        href="/places/60ac55a713f85d2a6af9a207"
      >
        <h2>
          Gorgeous Centralized Express
        </h2>
      </a>
      <img
        alt="image"
        src="http://placeimg.com/400/400"
      />
      <p>
        The slim & simple Maple Gaming Keyboard from Dev Byte comes with a sleek body and 7- Color RGB LED Back-lighting for smart functionality
      </p>
      <p>
        Address: 
        68782 Bailey Centers, New Murielhaven, Oklahoma, 64992-4996
      </p>
      <p>
        $$$: $
        333
      </p>
    </div>
  </li>
  <li>
    <div>
      <a
        activeclassname="selected"
        exact="true"
        href="/places/60ac55a713f85d2a6af9a208"
      >
        <h2>
          Ergonomic Multi-lateral Zoo
        </h2>
      </a>
      <img
        alt="image"
        src="http://placeimg.com/400/400/nature"
      />
      <p>
        New range of formal shirts are designed keeping you in mind. With fits and styling that will make you stand apart
      </p>
      <p>
        Address: 
        661 Bogisich Points, Lebsackton, Maryland, 23593-6708
      </p>
      <p>
        $$$: $
        439
      </p>
    </div>
  </li>
  <li>
    <div>
      <a
        activeclassname="selected"
        exact="true"
        href="/places/60ac55a713f85d2a6af9a209"
      >
        <h2>
          Ergonomic Enhanced Park
        </h2>
      </a>
      <img
        alt="image"
        src="http://placeimg.com/400/400/nature"
      />
      <p>
        The slim & simple Maple Gaming Keyboard from Dev Byte comes with a sleek body and 7- Color RGB LED Back-lighting for smart functionality
      </p>
      <p>
        Address: 
        6938 Steve Street, Clemenschester, Colorado, 11061
      </p>
      <p>
        $$$: $
        191
      </p>
    </div>
  </li>
  <li>
    <div>
      <a
        activeclassname="selected"
        exact="true"
        href="/places/60ac55a713f85d2a6af9a20a"
      >
        <h2>
          Fantastic Cloned Inn
        </h2>
      </a>
      <img
        alt="image"
        src="http://placeimg.com/400/400"
      />
      <p>
        Ergonomic executive chair upholstered in bonded black leather and PVC padded seat and back for all-day comfort and support
      </p>
      <p>
        Address: 
        4511 DuBuque Spurs, Lomaborough, Louisiana, 63205-4395
      </p>
      <p>
        $$$: $
        410
      </p>
    </div>
  </li>
  <li>
    <div>
      <a
        activeclassname="selected"
        exact="true"
        href="/places/60ac55a713f85d2a6af9a20b"
      >
        <h2>
          Generic Decentralized Inn
        </h2>
      </a>
      <img
        alt="image"
        src="http://placeimg.com/400/400/nightlife"
      />
      <p>
        The beautiful range of Apple Naturalé that has an exciting mix of natural ingredients. With the Goodness of 100% Natural Ingredients
      </p>
      <p>
        Address: 
        892 Loren Mills, Port Brooklyn, North Carolina, 64427-0694
      </p>
      <p>
        $$$: $
        336
      </p>
    </div>
  </li>
  <li>
    <div>
      <a
        activeclassname="selected"
        exact="true"
        href="/places/60ac55a713f85d2a6af9a20c"
      >
        <h2>
          Rustic Business-focused Park
        </h2>
      </a>
      <img
        alt="image"
        src="http://placeimg.com/400/400/nature"
      />
      <p>
        The beautiful range of Apple Naturalé that has an exciting mix of natural ingredients. With the Goodness of 100% Natural Ingredients
      </p>
      <p>
        Address: 
        378 Nader Green, Columbus, Washington, 63080-4147
      </p>
      <p>
        $$$: $
        263
      </p>
    </div>
  </li>
  <li>
    <div>
      <a
        activeclassname="selected"
        exact="true"
        href="/places/60ac55a713f85d2a6af9a20d"
      >
        <h2>
          Small Up-sized Express
        </h2>
      </a>
      <img
        alt="image"
        src="http://placeimg.com/400/400/nature"
      />
      <p>
        The automobile layout consists of a front-engine design, with transaxle-type transmissions mounted at the rear of the engine and four wheel drive
      </p>
      <p>
        Address: 
        15794 Zboncak Forks, Port Bridgette, Maine, 67115
      </p>
      <p>
        $$$: $
        75
      </p>
    </div>
  </li>
  <li>
    <div>
      <a
        activeclassname="selected"
        exact="true"
        href="/places/60ac55a713f85d2a6af9a20e"
      >
        <h2>
          Tasty Proactive Inn
        </h2>
      </a>
      <img
        alt="image"
        src="http://placeimg.com/400/400/nature"
      />
      <p>
        The Nagasaki Lander is the trademarked name of several series of Nagasaki sport bikes, that started with the 1984 ABC800J
      </p>
      <p>
        Address: 
        6122 Bartoletti Hills, Bruenbury, Minnesota, 87690-5054
      </p>
      <p>
        $$$: $
        375
      </p>
    </div>
  </li>
  <li>
    <div>
      <a
        activeclassname="selected"
        exact="true"
        href="/places/60ac55a713f85d2a6af9a20f"
      >
        <h2>
          Intelligent Synchronised Motel
        </h2>
      </a>
      <img
        alt="image"
        src="http://placeimg.com/400/400/nightlife"
      />
      <p>
        The beautiful range of Apple Naturalé that has an exciting mix of natural ingredients. With the Goodness of 100% Natural Ingredients
      </p>
      <p>
        Address: 
        8134 Breitenberg Loaf, West Granvilleburgh, Rhode Island, 50422-7188
      </p>
      <p>
        $$$: $
        679
      </p>
    </div>
  </li>
  <li>
    <div>
      <a
        activeclassname="selected"
        exact="true"
        href="/places/60ac55a713f85d2a6af9a210"
      >
        <h2>
          Unbranded Enhanced Suites
        </h2>
      </a>
      <img
        alt="image"
        src="http://placeimg.com/400/400/nature"
      />
      <p>
        Ergonomic executive chair upholstered in bonded black leather and PVC padded seat and back for all-day comfort and support
      </p>
      <p>
        Address: 
        1263 Rath Ridges, East Tre, Kentucky, 99756
      </p>
      <p>
        $$$: $
        539
      </p>
    </div>
  </li>
  <li>
    <div>
      <a
        activeclassname="selected"
        exact="true"
        href="/places/60ac55a713f85d2a6af9a211"
      >
        <h2>
          Refined Profound Inn
        </h2>
      </a>
      <img
        alt="image"
        src="http://placeimg.com/400/400"
      />
      <p>
        Andy shoes are designed to keeping in mind durability as well as trends, the most stylish range of shoes & sandals
      </p>
      <p>
        Address: 
        04515 Smith Mountains, Gilbert, Ohio, 95765-2681
      </p>
      <p>
        $$$: $
        488
      </p>
    </div>
  </li>
  <li>
    <div>
      <a
        activeclassname="selected"
        exact="true"
        href="/places/60ac55a713f85d2a6af9a212"
      >
        <h2>
          Handcrafted Centralized Inn
        </h2>
      </a>
      <img
        alt="image"
        src="http://placeimg.com/400/400/nightlife"
      />
      <p>
        Andy shoes are designed to keeping in mind durability as well as trends, the most stylish range of shoes & sandals
      </p>
      <p>
        Address: 
        42246 Nolan Fields, Oceanside, Ohio, 43826
      </p>
      <p>
        $$$: $
        581
      </p>
    </div>
  </li>
  <li>
    <div>
      <a
        activeclassname="selected"
        exact="true"
        href="/places/60ac55a713f85d2a6af9a213"
      >
        <h2>
          Gorgeous Optimized Zoo
        </h2>
      </a>
      <img
        alt="image"
        src="http://placeimg.com/400/400"
      />
      <p>
        New ABC 13 9370, 13.3, 5th Gen CoreA5-8250U, 8GB RAM, 256GB SSD, power UHD Graphics, OS 10 Home, OS Office A & J 2016
      </p>
      <p>
        Address: 
        526 Caesar Lights, Lehnershire, Alaska, 57520-6444
      </p>
      <p>
        $$$: $
        173
      </p>
    </div>
  </li>
  <li>
    <div>
      <a
        activeclassname="selected"
        exact="true"
        href="/places/60ac55a713f85d2a6af9a214"
      >
        <h2>
          Handmade Sharable Hotel
        </h2>
      </a>
      <img
        alt="image"
        src="http://placeimg.com/400/400/nightlife"
      />
      <p>
        Ergonomic executive chair upholstered in bonded black leather and PVC padded seat and back for all-day comfort and support
      </p>
      <p>
        Address: 
        6112 Waelchi Vista, Moseport, Kentucky, 77391-7597
      </p>
      <p>
        $$$: $
        323
      </p>
    </div>
  </li>
  <li>
    <div>
      <a
        activeclassname="selected"
        exact="true"
        href="/places/60ac55a713f85d2a6af9a215"
      >
        <h2>
          Awesome Re-contextualized Inn
        </h2>
      </a>
      <img
        alt="image"
        src="http://placeimg.com/400/400"
      />
      <p>
        The Football Is Good For Training And Recreational Purposes
      </p>
      <p>
        Address: 
        37457 Jules Mountain, Indianapolis, Kansas, 46210
      </p>
      <p>
        $$$: $
        554
      </p>
    </div>
  </li>
  <li>
    <div>
      <a
        activeclassname="selected"
        exact="true"
        href="/places/60ac55a713f85d2a6af9a216"
      >
        <h2>
          Handcrafted Visionary Express
        </h2>
      </a>
      <img
        alt="image"
        src="http://placeimg.com/400/400/nature"
      />
      <p>
        New ABC 13 9370, 13.3, 5th Gen CoreA5-8250U, 8GB RAM, 256GB SSD, power UHD Graphics, OS 10 Home, OS Office A & J 2016
      </p>
      <p>
        Address: 
        25080 Wehner Field, South Bend, Oklahoma, 72930-9980
      </p>
      <p>
        $$$: $
        498
      </p>
    </div>
  </li>
  <li>
    <div>
      <a
        activeclassname="selected"
        exact="true"
        href="/places/60ac55a713f85d2a6af9a217"
      >
        <h2>
          Rustic Proactive Park
        </h2>
      </a>
      <img
        alt="image"
        src="http://placeimg.com/400/400/nature"
      />
      <p>
        Ergonomic executive chair upholstered in bonded black leather and PVC padded seat and back for all-day comfort and support
      </p>
      <p>
        Address: 
        39150 Emard Burgs, New Angusshire, New Jersey, 20134-0629
      </p>
      <p>
        $$$: $
        100
      </p>
    </div>
  </li>
  <li>
    <div>
      <a
        activeclassname="selected"
        exact="true"
        href="/places/60ac55a713f85d2a6af9a218"
      >
        <h2>
          Incredible Reactive Hotel
        </h2>
      </a>
      <img
        alt="image"
        src="http://placeimg.com/400/400/nature"
      />
      <p>
        The beautiful range of Apple Naturalé that has an exciting mix of natural ingredients. With the Goodness of 100% Natural Ingredients
      </p>
      <p>
        Address: 
        0215 Buckridge Lodge, North Mekhi, Arizona, 76245-5163
      </p>
      <p>
        $$$: $
        223
      </p>
    </div>
  </li>
  <li>
    <div>
      <a
        activeclassname="selected"
        exact="true"
        href="/places/60ac55a713f85d2a6af9a219"
      >
        <h2>
          Tasty Multi-channelled Express
        </h2>
      </a>
      <img
        alt="image"
        src="http://placeimg.com/400/400/nightlife"
      />
      <p>
        The Apollotech B340 is an affordable wireless mouse with reliable connectivity, 12 months battery life and modern design
      </p>
      <p>
        Address: 
        822 Eddie Keys, East Claudia, Kansas, 31632
      </p>
      <p>
        $$$: $
        583
      </p>
    </div>
  </li>
  <li>
    <div>
      <a
        activeclassname="selected"
        exact="true"
        href="/places/60ac55a713f85d2a6af9a21a"
      >
        <h2>
          Awesome Sharable Suites
        </h2>
      </a>
      <img
        alt="image"
        src="http://placeimg.com/400/400"
      />
      <p>
        Carbonite web goalkeeper gloves are ergonomically designed to give easy fit
      </p>
      <p>
        Address: 
        045 Jeffrey Shore, West Kaden, South Dakota, 01463
      </p>
      <p>
        $$$: $
        625
      </p>
    </div>
  </li>
  <li>
    <div>
      <a
        activeclassname="selected"
        exact="true"
        href="/places/60ac55a713f85d2a6af9a21b"
      >
        <h2>
          Tasty Right-sized Zoo
        </h2>
      </a>
      <img
        alt="image"
        src="http://placeimg.com/400/400/nightlife"
      />
      <p>
        The Apollotech B340 is an affordable wireless mouse with reliable connectivity, 12 months battery life and modern design
      </p>
      <p>
        Address: 
        13742 Roger Fort, East Isaiasfort, North Dakota, 67922-4879
      </p>
      <p>
        $$$: $
        165
      </p>
    </div>
  </li>
  <li>
    <div>
      <a
        activeclassname="selected"
        exact="true"
        href="/places/60ac55a713f85d2a6af9a21c"
      >
        <h2>
          Small Multi-layered Suites
        </h2>
      </a>
      <img
        alt="image"
        src="http://placeimg.com/400/400/nightlife"
      />
      <p>
        The Football Is Good For Training And Recreational Purposes
      </p>
      <p>
        Address: 
        26312 Beer Points, Jasthaven, Alabama, 77880-2580
      </p>
      <p>
        $$$: $
        156
      </p>
    </div>
  </li>
  <li>
    <div>
      <a
        activeclassname="selected"
        exact="true"
        href="/places/60ac55a713f85d2a6af9a21d"
      >
        <h2>
          Awesome Profit-focused Park
        </h2>
      </a>
      <img
        alt="image"
        src="http://placeimg.com/400/400/nightlife"
      />
      <p>
        Ergonomic executive chair upholstered in bonded black leather and PVC padded seat and back for all-day comfort and support
      </p>
      <p>
        Address: 
        6473 Howell Vista, Canton, Wyoming, 67276
      </p>
      <p>
        $$$: $
        291
      </p>
    </div>
  </li>
  <li>
    <div>
      <a
        activeclassname="selected"
        exact="true"
        href="/places/60ac55a713f85d2a6af9a21e"
      >
        <h2>
          Tasty Down-sized Suites
        </h2>
      </a>
      <img
        alt="image"
        src="http://placeimg.com/400/400/nature"
      />
      <p>
        Carbonite web goalkeeper gloves are ergonomically designed to give easy fit
      </p>
      <p>
        Address: 
        3653 Considine Landing, North Jaydonport, Nevada, 68381-0927
      </p>
      <p>
        $$$: $
        146
      </p>
    </div>
  </li>
  <li>
    <div>
      <a
        activeclassname="selected"
        exact="true"
        href="/places/60ac55a713f85d2a6af9a220"
      >
        <h2>
          Awesome Reverse-engineered Hotel
        </h2>
      </a>
      <img
        alt="image"
        src="http://placeimg.com/400/400/nightlife"
      />
      <p>
        The slim & simple Maple Gaming Keyboard from Dev Byte comes with a sleek body and 7- Color RGB LED Back-lighting for smart functionality
      </p>
      <p>
        Address: 
        133 Jalyn Stream, Sharonmouth, Rhode Island, 48304
      </p>
      <p>
        $$$: $
        155
      </p>
    </div>
  </li>
  <li>
    <div>
      <a
        activeclassname="selected"
        exact="true"
        href="/places/60ac55a713f85d2a6af9a221"
      >
        <h2>
          Handcrafted Configurable Zoo
        </h2>
      </a>
      <img
        alt="image"
        src="http://placeimg.com/400/400/nightlife"
      />
      <p>
        Ergonomic executive chair upholstered in bonded black leather and PVC padded seat and back for all-day comfort and support
      </p>
      <p>
        Address: 
        813 Abshire Hill, East Bertram, Nebraska, 02577
      </p>
      <p>
        $$$: $
        376
      </p>
    </div>
  </li>
  <li>
    <div>
      <a
        activeclassname="selected"
        exact="true"
        href="/places/60ac55a713f85d2a6af9a21f"
      >
        <h2>
          Gorgeous Streamlined Suites
        </h2>
      </a>
      <img
        alt="image"
        src="http://placeimg.com/400/400"
      />
      <p>
        New ABC 13 9370, 13.3, 5th Gen CoreA5-8250U, 8GB RAM, 256GB SSD, power UHD Graphics, OS 10 Home, OS Office A & J 2016
      </p>
      <p>
        Address: 
        836 Dibbert Corners, Dickiburgh, Indiana, 68294
      </p>
      <p>
        $$$: $
        317
      </p>
    </div>
  </li>
  <li>
    <div>
      <a
        activeclassname="selected"
        exact="true"
        href="/places/60ac55a713f85d2a6af9a222"
      >
        <h2>
          Licensed Object-based Zoo
        </h2>
      </a>
      <img
        alt="image"
        src="http://placeimg.com/400/400"
      />
      <p>
        The beautiful range of Apple Naturalé that has an exciting mix of natural ingredients. With the Goodness of 100% Natural Ingredients
      </p>
      <p>
        Address: 
        3281 Johnston Common, North Earl, Nebraska, 97724
      </p>
      <p>
        $$$: $
        316
      </p>
    </div>
  </li>
  <li>
    <div>
      <a
        activeclassname="selected"
        exact="true"
        href="/places/60ac55a713f85d2a6af9a223"
      >
        <h2>
          Small Pre-emptive Zoo
        </h2>
      </a>
      <img
        alt="image"
        src="http://placeimg.com/400/400/nightlife"
      />
      <p>
        New range of formal shirts are designed keeping you in mind. With fits and styling that will make you stand apart
      </p>
      <p>
        Address: 
        87621 Rhett Way, Mertzfurt, Virginia, 55446
      </p>
      <p>
        $$$: $
        109
      </p>
    </div>
  </li>
  <li>
    <div>
      <a
        activeclassname="selected"
        exact="true"
        href="/places/60ac55a713f85d2a6af9a224"
      >
        <h2>
          Unbranded Networked Zoo
        </h2>
      </a>
      <img
        alt="image"
        src="http://placeimg.com/400/400/nightlife"
      />
      <p>
        Boston's most advanced compression wear technology increases muscle oxygenation, stabilizes active muscles
      </p>
      <p>
        Address: 
        3109 Karlie Locks, West Abbigail, Ohio, 06532
      </p>
      <p>
        $$$: $
        423
      </p>
    </div>
  </li>
  <li>
    <div>
      <a
        activeclassname="selected"
        exact="true"
        href="/places/60ac55a713f85d2a6af9a225"
      >
        <h2>
          Ergonomic Total Hotel
        </h2>
      </a>
      <img
        alt="image"
        src="http://placeimg.com/400/400"
      />
      <p>
        The slim & simple Maple Gaming Keyboard from Dev Byte comes with a sleek body and 7- Color RGB LED Back-lighting for smart functionality
      </p>
      <p>
        Address: 
        769 Vladimir Ranch, New Karleefort, South Carolina, 37835
      </p>
      <p>
        $$$: $
        149
      </p>
    </div>
  </li>
  <li>
    <div>
      <a
        activeclassname="selected"
        exact="true"
        href="/places/60ac55a713f85d2a6af9a226"
      >
        <h2>
          Handcrafted Balanced Hotel
        </h2>
      </a>
      <img
        alt="image"
        src="http://placeimg.com/400/400/nature"
      />
      <p>
        The Football Is Good For Training And Recreational Purposes
      </p>
      <p>
        Address: 
        2860 Henriette Heights, Cuyahoga Falls, Georgia, 54319
      </p>
      <p>
        $$$: $
        636
      </p>
    </div>
  </li>
  <li>
    <div>
      <a
        activeclassname="selected"
        exact="true"
        href="/places/60ac55a713f85d2a6af9a227"
      >
        <h2>
          Fantastic Enhanced Hotel
        </h2>
      </a>
      <img
        alt="image"
        src="http://placeimg.com/400/400"
      />
      <p>
        Carbonite web goalkeeper gloves are ergonomically designed to give easy fit
      </p>
      <p>
        Address: 
        9896 Brain Trail, Port Ursulatown, Indiana, 70493-9976
      </p>
      <p>
        $$$: $
        107
      </p>
    </div>
  </li>
  <li>
    <div>
      <a
        activeclassname="selected"
        exact="true"
        href="/places/60ac55a713f85d2a6af9a228"
      >
        <h2>
          Handmade Diverse Park
        </h2>
      </a>
      <img
        alt="image"
        src="http://placeimg.com/400/400/nightlife"
      />
      <p>
        The Nagasaki Lander is the trademarked name of several series of Nagasaki sport bikes, that started with the 1984 ABC800J
      </p>
      <p>
        Address: 
        74413 Maybelle Landing, Port Hannah, Maryland, 46587
      </p>
      <p>
        $$$: $
        506
      </p>
    </div>
  </li>
  <li>
    <div>
      <a
        activeclassname="selected"
        exact="true"
        href="/places/60ac55a713f85d2a6af9a229"
      >
        <h2>
          Fantastic Business-focused Hotel
        </h2>
      </a>
      <img
        alt="image"
        src="http://placeimg.com/400/400/nature"
      />
      <p>
        The Football Is Good For Training And Recreational Purposes
      </p>
      <p>
        Address: 
        44448 Anissa Branch, South Nils, Montana, 74023-7178
      </p>
      <p>
        $$$: $
        259
      </p>
    </div>
  </li>
  <li>
    <div>
      <a
        activeclassname="selected"
        exact="true"
        href="/places/60ac55a713f85d2a6af9a22a"
      >
        <h2>
          Fantastic Polarised Inn
        </h2>
      </a>
      <img
        alt="image"
        src="http://placeimg.com/400/400"
      />
      <p>
        The slim & simple Maple Gaming Keyboard from Dev Byte comes with a sleek body and 7- Color RGB LED Back-lighting for smart functionality
      </p>
      <p>
        Address: 
        6302 Green Spur, West Keaganstad, Rhode Island, 67666
      </p>
      <p>
        $$$: $
        365
      </p>
    </div>
  </li>
  <li>
    <div>
      <a
        activeclassname="selected"
        exact="true"
        href="/places/60ac55a713f85d2a6af9a22b"
      >
        <h2>
          Generic Team-oriented Park
        </h2>
      </a>
      <img
        alt="image"
        src="http://placeimg.com/400/400/nature"
      />
      <p>
        New ABC 13 9370, 13.3, 5th Gen CoreA5-8250U, 8GB RAM, 256GB SSD, power UHD Graphics, OS 10 Home, OS Office A & J 2016
      </p>
      <p>
        Address: 
        69966 Hirthe Keys, Jeramietown, Texas, 58488-8599
      </p>
      <p>
        $$$: $
        695
      </p>
    </div>
  </li>
  <li>
    <div>
      <a
        activeclassname="selected"
        exact="true"
        href="/places/60ac55a713f85d2a6af9a22c"
      >
        <h2>
          Handcrafted Total Motel
        </h2>
      </a>
      <img
        alt="image"
        src="http://placeimg.com/400/400/nature"
      />
      <p>
        The Apollotech B340 is an affordable wireless mouse with reliable connectivity, 12 months battery life and modern design
      </p>
      <p>
        Address: 
        64511 Willms Estates, Council Bluffs, Kansas, 85212
      </p>
      <p>
        $$$: $
        457
      </p>
    </div>
  </li>
  <li>
    <div>
      <a
        activeclassname="selected"
        exact="true"
        href="/places/60ac55a713f85d2a6af9a22d"
      >
        <h2>
          Practical Extended Suites
        </h2>
      </a>
      <img
        alt="image"
        src="http://placeimg.com/400/400/nature"
      />
      <p>
        New ABC 13 9370, 13.3, 5th Gen CoreA5-8250U, 8GB RAM, 256GB SSD, power UHD Graphics, OS 10 Home, OS Office A & J 2016
      </p>
      <p>
        Address: 
        182 Konopelski Meadow, Diegoville, New Mexico, 43191-4022
      </p>
      <p>
        $$$: $
        539
      </p>
    </div>
  </li>
  <li>
    <div>
      <a
        activeclassname="selected"
        exact="true"
        href="/places/60ac55a713f85d2a6af9a22e"
      >
        <h2>
          Fantastic Secured Zoo
        </h2>
      </a>
      <img
        alt="image"
        src="http://placeimg.com/400/400/nightlife"
      />
      <p>
        The slim & simple Maple Gaming Keyboard from Dev Byte comes with a sleek body and 7- Color RGB LED Back-lighting for smart functionality
      </p>
      <p>
        Address: 
        592 Bella Keys, Huntersville, South Carolina, 73665-1771
      </p>
      <p>
        $$$: $
        695
      </p>
    </div>
  </li>
  <li>
    <div>
      <a
        activeclassname="selected"
        exact="true"
        href="/places/60ac55a713f85d2a6af9a22f"
      >
        <h2>
          Tasty Implemented Zoo
        </h2>
      </a>
      <img
        alt="image"
        src="http://placeimg.com/400/400/nature"
      />
      <p>
        New ABC 13 9370, 13.3, 5th Gen CoreA5-8250U, 8GB RAM, 256GB SSD, power UHD Graphics, OS 10 Home, OS Office A & J 2016
      </p>
      <p>
        Address: 
        10388 Haylie Burgs, Rickyhaven, South Carolina, 79963-0647
      </p>
      <p>
        $$$: $
        569
      </p>
    </div>
  </li>
  <li>
    <div>
      <a
        activeclassname="selected"
        exact="true"
        href="/places/60ac55a713f85d2a6af9a230"
      >
        <h2>
          Refined Face to face Zoo
        </h2>
      </a>
      <img
        alt="image"
        src="http://placeimg.com/400/400"
      />
      <p>
        The beautiful range of Apple Naturalé that has an exciting mix of natural ingredients. With the Goodness of 100% Natural Ingredients
      </p>
      <p>
        Address: 
        568 Lubowitz Forks, Schultzhaven, Oklahoma, 98048-8245
      </p>
      <p>
        $$$: $
        141
      </p>
    </div>
  </li>
  <li>
    <div>
      <a
        activeclassname="selected"
        exact="true"
        href="/places/60ac55a713f85d2a6af9a231"
      >
        <h2>
          Fantastic Ameliorated Park
        </h2>
      </a>
      <img
        alt="image"
        src="http://placeimg.com/400/400"
      />
      <p>
        The Apollotech B340 is an affordable wireless mouse with reliable connectivity, 12 months battery life and modern design
      </p>
      <p>
        Address: 
        078 Devante Islands, Nicolasborough, Michigan, 22048
      </p>
      <p>
        $$$: $
        507
      </p>
    </div>
  </li>
  <li>
    <div>
      <a
        activeclassname="selected"
        exact="true"
        href="/places/60ac55a713f85d2a6af9a232"
      >
        <h2>
          Fantastic Self-enabling Park
        </h2>
      </a>
      <img
        alt="image"
        src="http://placeimg.com/400/400/nightlife"
      />
      <p>
        New range of formal shirts are designed keeping you in mind. With fits and styling that will make you stand apart
      </p>
      <p>
        Address: 
        828 Murphy Neck, Ephraimville, New York, 54147-0763
      </p>
      <p>
        $$$: $
        390
      </p>
    </div>
  </li>
  <li>
    <div>
      <a
        activeclassname="selected"
        exact="true"
        href="/places/60ac55a713f85d2a6af9a233"
      >
        <h2>
          Sleek Up-sized Suites
        </h2>
      </a>
      <img
        alt="image"
        src="http://placeimg.com/400/400"
      />
      <p>
        New range of formal shirts are designed keeping you in mind. With fits and styling that will make you stand apart
      </p>
      <p>
        Address: 
        7128 Vicente Circle, West Destinmouth, Utah, 61273
      </p>
      <p>
        $$$: $
        273
      </p>
    </div>
  </li>
  <li>
    <div>
      <a
        activeclassname="selected"
        exact="true"
        href="/places/60ac55a713f85d2a6af9a234"
      >
        <h2>
          Sleek Streamlined Motel
        </h2>
      </a>
      <img
        alt="image"
        src="http://placeimg.com/400/400"
      />
      <p>
        New range of formal shirts are designed keeping you in mind. With fits and styling that will make you stand apart
      </p>
      <p>
        Address: 
        3176 Corbin Ramp, West Melisaview, Hawaii, 00915
      </p>
      <p>
        $$$: $
        516
      </p>
    </div>
  </li>
  <li>
    <div>
      <a
        activeclassname="selected"
        exact="true"
        href="/places/60ac55a713f85d2a6af9a235"
      >
        <h2>
          Small Innovative Inn
        </h2>
      </a>
      <img
        alt="image"
        src="http://placeimg.com/400/400/nature"
      />
      <p>
        Carbonite web goalkeeper gloves are ergonomically designed to give easy fit
      </p>
      <p>
        Address: 
        13879 Kira Glens, North Destineytown, North Dakota, 52377-2280
      </p>
      <p>
        $$$: $
        467
      </p>
    </div>
  </li>
  <li>
    <div>
      <a
        activeclassname="selected"
        exact="true"
        href="/places/60ac55a713f85d2a6af9a236"
      >
        <h2>
          Generic Configurable Park
        </h2>
      </a>
      <img
        alt="image"
        src="http://placeimg.com/400/400/nature"
      />
      <p>
        New ABC 13 9370, 13.3, 5th Gen CoreA5-8250U, 8GB RAM, 256GB SSD, power UHD Graphics, OS 10 Home, OS Office A & J 2016
      </p>
      <p>
        Address: 
        48324 Lindgren Glens, Connburgh, Virginia, 18174-5506
      </p>
      <p>
        $$$: $
        400
      </p>
    </div>
  </li>
  <li>
    <div>
      <a
        activeclassname="selected"
        exact="true"
        href="/places/60ac55a713f85d2a6af9a237"
      >
        <h2>
          Tasty Progressive Motel
        </h2>
      </a>
      <img
        alt="image"
        src="http://placeimg.com/400/400/nightlife"
      />
      <p>
        New range of formal shirts are designed keeping you in mind. With fits and styling that will make you stand apart
      </p>
      <p>
        Address: 
        29700 Prohaska Drives, South Maximillian, North Dakota, 20773-4655
      </p>
      <p>
        $$$: $
        441
      </p>
    </div>
  </li>
  <li>
    <div>
      <a
        activeclassname="selected"
        exact="true"
        href="/places/60ac55a713f85d2a6af9a238"
      >
        <h2>
          Unbranded Inverse Suites
        </h2>
      </a>
      <img
        alt="image"
        src="http://placeimg.com/400/400"
      />
      <p>
        New range of formal shirts are designed keeping you in mind. With fits and styling that will make you stand apart
      </p>
      <p>
        Address: 
        79743 Riley Bypass, Melvinhaven, Kentucky, 80097-3286
      </p>
      <p>
        $$$: $
        559
      </p>
    </div>
  </li>
  <li>
    <div>
      <a
        activeclassname="selected"
        exact="true"
        href="/places/60ac55a713f85d2a6af9a239"
      >
        <h2>
          Licensed Operative Park
        </h2>
      </a>
      <img
        alt="image"
        src="http://placeimg.com/400/400/nightlife"
      />
      <p>
        The Nagasaki Lander is the trademarked name of several series of Nagasaki sport bikes, that started with the 1984 ABC800J
      </p>
      <p>
        Address: 
        13664 Harrison Loop, Haagshire, Montana, 61831-0413
      </p>
      <p>
        $$$: $
        492
      </p>
    </div>
  </li>
  <li>
    <div>
      <a
        activeclassname="selected"
        exact="true"
        href="/places/60ac55a713f85d2a6af9a23a"
      >
        <h2>
          Intelligent Cross-group Zoo
        </h2>
      </a>
      <img
        alt="image"
        src="http://placeimg.com/400/400/nature"
      />
      <p>
        The Football Is Good For Training And Recreational Purposes
      </p>
      <p>
        Address: 
        4808 Torp Village, Beierhaven, Colorado, 16580-7632
      </p>
      <p>
        $$$: $
        690
      </p>
    </div>
  </li>
  <li>
    <div>
      <a
        activeclassname="selected"
        exact="true"
        href="/places/60ac55a713f85d2a6af9a23b"
      >
        <h2>
          Handcrafted Pre-emptive Zoo
        </h2>
      </a>
      <img
        alt="image"
        src="http://placeimg.com/400/400/nature"
      />
      <p>
        The Football Is Good For Training And Recreational Purposes
      </p>
      <p>
        Address: 
        990 Rau Skyway, Port Drake, Hawaii, 19270-1277
      </p>
      <p>
        $$$: $
        369
      </p>
    </div>
  </li>
  <li>
    <div>
      <a
        activeclassname="selected"
        exact="true"
        href="/places/60ac55a713f85d2a6af9a23c"
      >
        <h2>
          Small Triple-buffered Inn
        </h2>
      </a>
      <img
        alt="image"
        src="http://placeimg.com/400/400/nightlife"
      />
      <p>
        Ergonomic executive chair upholstered in bonded black leather and PVC padded seat and back for all-day comfort and support
      </p>
      <p>
        Address: 
        1030 Vivian Dale, South Lindatown, Florida, 50742-6621
      </p>
      <p>
        $$$: $
        441
      </p>
    </div>
  </li>
  <li>
    <div>
      <a
        activeclassname="selected"
        exact="true"
        href="/places/60ac55a713f85d2a6af9a23d"
      >
        <h2>
          Handcrafted Streamlined Inn
        </h2>
      </a>
      <img
        alt="image"
        src="http://placeimg.com/400/400"
      />
      <p>
        The Nagasaki Lander is the trademarked name of several series of Nagasaki sport bikes, that started with the 1984 ABC800J
      </p>
      <p>
        Address: 
        7938 Mohr Ville, Reynoldsfurt, Rhode Island, 18234
      </p>
      <p>
        $$$: $
        666
      </p>
    </div>
  </li>
  <li>
    <div>
      <a
        activeclassname="selected"
        exact="true"
        href="/places/60ac55a713f85d2a6af9a23e"
      >
        <h2>
          Incredible Object-based Suites
        </h2>
      </a>
      <img
        alt="image"
        src="http://placeimg.com/400/400/nightlife"
      />
      <p>
        New range of formal shirts are designed keeping you in mind. With fits and styling that will make you stand apart
      </p>
      <p>
        Address: 
        38626 Skye Inlet, Emelymouth, Texas, 08232
      </p>
      <p>
        $$$: $
        566
      </p>
    </div>
  </li>
  <li>
    <div>
      <a
        activeclassname="selected"
        exact="true"
        href="/places/60ac55a713f85d2a6af9a23f"
      >
        <h2>
          Intelligent Focused Park
        </h2>
      </a>
      <img
        alt="image"
        src="http://placeimg.com/400/400"
      />
      <p>
        The Football Is Good For Training And Recreational Purposes
      </p>
      <p>
        Address: 
        9926 Kutch Corners, Chino Hills, Ohio, 97463
      </p>
      <p>
        $$$: $
        196
      </p>
    </div>
  </li>
  <li>
    <div>
      <a
        activeclassname="selected"
        exact="true"
        href="/places/60ac55a713f85d2a6af9a241"
      >
        <h2>
          Gorgeous Switchable Suites
        </h2>
      </a>
      <img
        alt="image"
        src="http://placeimg.com/400/400/nightlife"
      />
      <p>
        New range of formal shirts are designed keeping you in mind. With fits and styling that will make you stand apart
      </p>
      <p>
        Address: 
        803 Thad Summit, New Susan, West Virginia, 40623-1945
      </p>
      <p>
        $$$: $
        240
      </p>
    </div>
  </li>
  <li>
    <div>
      <a
        activeclassname="selected"
        exact="true"
        href="/places/60ac55a713f85d2a6af9a240"
      >
        <h2>
          Intelligent Innovative Suites
        </h2>
      </a>
      <img
        alt="image"
        src="http://placeimg.com/400/400/nightlife"
      />
      <p>
        The Apollotech B340 is an affordable wireless mouse with reliable connectivity, 12 months battery life and modern design
      </p>
      <p>
        Address: 
        119 Gaylord Creek, Mansfield, New Mexico, 37389-9296
      </p>
      <p>
        $$$: $
        202
      </p>
    </div>
  </li>
  <li>
    <div>
      <a
        activeclassname="selected"
        exact="true"
        href="/places/60ac55a713f85d2a6af9a242"
      >
        <h2>
          Unbranded Fundamental Zoo
        </h2>
      </a>
      <img
        alt="image"
        src="http://placeimg.com/400/400"
      />
      <p>
        New ABC 13 9370, 13.3, 5th Gen CoreA5-8250U, 8GB RAM, 256GB SSD, power UHD Graphics, OS 10 Home, OS Office A & J 2016
      </p>
      <p>
        Address: 
        2995 Johnnie Island, North Jacquelynmouth, Maryland, 27492-0361
      </p>
      <p>
        $$$: $
        595
      </p>
    </div>
  </li>
  <li>
    <div>
      <a
        activeclassname="selected"
        exact="true"
        href="/places/60ac55a713f85d2a6af9a243"
      >
        <h2>
          Sleek Ergonomic Motel
        </h2>
      </a>
      <img
        alt="image"
        src="http://placeimg.com/400/400/nightlife"
      />
      <p>
        Boston's most advanced compression wear technology increases muscle oxygenation, stabilizes active muscles
      </p>
      <p>
        Address: 
        423 Dusty Course, North Louvenia, Wisconsin, 03639-1977
      </p>
      <p>
        $$$: $
        384
      </p>
    </div>
  </li>
  <li>
    <div>
      <a
        activeclassname="selected"
        exact="true"
        href="/places/60ac55a713f85d2a6af9a244"
      >
        <h2>
          Small Organized Motel
        </h2>
      </a>
      <img
        alt="image"
        src="http://placeimg.com/400/400"
      />
      <p>
        Ergonomic executive chair upholstered in bonded black leather and PVC padded seat and back for all-day comfort and support
      </p>
      <p>
        Address: 
        116 Doyle Vista, Ziemannchester, Georgia, 98424-5612
      </p>
      <p>
        $$$: $
        532
      </p>
    </div>
  </li>
  <li>
    <div>
      <a
        activeclassname="selected"
        exact="true"
        href="/places/60ac55a713f85d2a6af9a245"
      >
        <h2>
          Ergonomic Team-oriented Express
        </h2>
      </a>
      <img
        alt="image"
        src="http://placeimg.com/400/400"
      />
      <p>
        The automobile layout consists of a front-engine design, with transaxle-type transmissions mounted at the rear of the engine and four wheel drive
      </p>
      <p>
        Address: 
        4300 Lenna Orchard, Lake Lauriane, Utah, 44530
      </p>
      <p>
        $$$: $
        700
      </p>
    </div>
  </li>
  <li>
    <div>
      <a
        activeclassname="selected"
        exact="true"
        href="/places/60ac55a713f85d2a6af9a246"
      >
        <h2>
          Sleek Cross-group Inn
        </h2>
      </a>
      <img
        alt="image"
        src="http://placeimg.com/400/400/nature"
      />
      <p>
        The slim & simple Maple Gaming Keyboard from Dev Byte comes with a sleek body and 7- Color RGB LED Back-lighting for smart functionality
      </p>
      <p>
        Address: 
        80634 Kayli Path, Roanoke, Idaho, 36284
      </p>
      <p>
        $$$: $
        171
      </p>
    </div>
  </li>
  <li>
    <div>
      <a
        activeclassname="selected"
        exact="true"
        href="/places/60ac55a713f85d2a6af9a247"
      >
        <h2>
          Unbranded Optional Express
        </h2>
      </a>
      <img
        alt="image"
        src="http://placeimg.com/400/400/nightlife"
      />
      <p>
        Ergonomic executive chair upholstered in bonded black leather and PVC padded seat and back for all-day comfort and support
      </p>
      <p>
        Address: 
        57450 Alisa Ways, New Lizethborough, Ohio, 43554-9718
      </p>
      <p>
        $$$: $
        254
      </p>
    </div>
  </li>
  <li>
    <div>
      <a
        activeclassname="selected"
        exact="true"
        href="/places/60ac55a713f85d2a6af9a248"
      >
        <h2>
          Handmade Distributed Suites
        </h2>
      </a>
      <img
        alt="image"
        src="http://placeimg.com/400/400"
      />
      <p>
        The Apollotech B340 is an affordable wireless mouse with reliable connectivity, 12 months battery life and modern design
      </p>
      <p>
        Address: 
        8481 Weissnat Ferry, Lake Aurore, Oklahoma, 33102
      </p>
      <p>
        $$$: $
        683
      </p>
    </div>
  </li>
  <li>
    <div>
      <a
        activeclassname="selected"
        exact="true"
        href="/places/60ac55a713f85d2a6af9a249"
      >
        <h2>
          Licensed Digitized Zoo
        </h2>
      </a>
      <img
        alt="image"
        src="http://placeimg.com/400/400/nightlife"
      />
      <p>
        Ergonomic executive chair upholstered in bonded black leather and PVC padded seat and back for all-day comfort and support
      </p>
      <p>
        Address: 
        532 Rupert Rapids, San Angelo, Rhode Island, 28860-6861
      </p>
      <p>
        $$$: $
        493
      </p>
    </div>
  </li>
  <li>
    <div>
      <a
        activeclassname="selected"
        exact="true"
        href="/places/60ac55a713f85d2a6af9a24a"
      >
        <h2>
          Generic Extended Express
        </h2>
      </a>
      <img
        alt="image"
        src="http://placeimg.com/400/400"
      />
      <p>
        Carbonite web goalkeeper gloves are ergonomically designed to give easy fit
      </p>
      <p>
        Address: 
        7854 Greenfelder Flat, Boise City, Florida, 41970-8068
      </p>
      <p>
        $$$: $
        385
      </p>
    </div>
  </li>
  <li>
    <div>
      <a
        activeclassname="selected"
        exact="true"
        href="/places/60ac55a713f85d2a6af9a24b"
      >
        <h2>
          Gorgeous Monitored Suites
        </h2>
      </a>
      <img
        alt="image"
        src="http://placeimg.com/400/400"
      />
      <p>
        Ergonomic executive chair upholstered in bonded black leather and PVC padded seat and back for all-day comfort and support
      </p>
      <p>
        Address: 
        4293 Ignacio Inlet, Port Kurtport, Oregon, 31191
      </p>
      <p>
        $$$: $
        92
      </p>
    </div>
  </li>
  <li>
    <div>
      <a
        activeclassname="selected"
        exact="true"
        href="/places/60ac55a713f85d2a6af9a24c"
      >
        <h2>
          Ergonomic Multi-tiered Park
        </h2>
      </a>
      <img
        alt="image"
        src="http://placeimg.com/400/400/nature"
      />
      <p>
        The Football Is Good For Training And Recreational Purposes
      </p>
      <p>
        Address: 
        524 Jacobi Loaf, Decatur, New Jersey, 00069-6543
      </p>
      <p>
        $$$: $
        141
      </p>
    </div>
  </li>
  <li>
    <div>
      <a
        activeclassname="selected"
        exact="true"
        href="/places/60ac55a713f85d2a6af9a24d"
      >
        <h2>
          Ergonomic Sharable Inn
        </h2>
      </a>
      <img
        alt="image"
        src="http://placeimg.com/400/400/nightlife"
      />
      <p>
        The Apollotech B340 is an affordable wireless mouse with reliable connectivity, 12 months battery life and modern design
      </p>
      <p>
        Address: 
        3255 Koss Trace, Kuhntown, South Carolina, 16093
      </p>
      <p>
        $$$: $
        512
      </p>
    </div>
  </li>
  <li>
    <div>
      <a
        activeclassname="selected"
        exact="true"
        href="/places/60ac55a713f85d2a6af9a24e"
      >
        <h2>
          Rustic Expanded Hotel
        </h2>
      </a>
      <img
        alt="image"
        src="http://placeimg.com/400/400"
      />
      <p>
        The Football Is Good For Training And Recreational Purposes
      </p>
      <p>
        Address: 
        7709 Reanna Lock, South Abigayle, Idaho, 15413-6738
      </p>
      <p>
        $$$: $
        366
      </p>
    </div>
  </li>
  <li>
    <div>
      <a
        activeclassname="selected"
        exact="true"
        href="/places/60ac55a713f85d2a6af9a24f"
      >
        <h2>
          Gorgeous Exclusive Hotel
        </h2>
      </a>
      <img
        alt="image"
        src="http://placeimg.com/400/400"
      />
      <p>
        The Football Is Good For Training And Recreational Purposes
      </p>
      <p>
        Address: 
        712 Reuben Forest, New Jayceton, Michigan, 58778
      </p>
      <p>
        $$$: $
        572
      </p>
    </div>
  </li>
  <li>
    <div>
      <a
        activeclassname="selected"
        exact="true"
        href="/places/60ac55a713f85d2a6af9a250"
      >
        <h2>
          Gorgeous Integrated Express
        </h2>
      </a>
      <img
        alt="image"
        src="http://placeimg.com/400/400"
      />
      <p>
        The Football Is Good For Training And Recreational Purposes
      </p>
      <p>
        Address: 
        1602 Murray Burg, Lake Gregoriofurt, Rhode Island, 96917-7406
      </p>
      <p>
        $$$: $
        375
      </p>
    </div>
  </li>
  <li>
    <div>
      <a
        activeclassname="selected"
        exact="true"
        href="/places/60ac55a713f85d2a6af9a251"
      >
        <h2>
          Awesome Enterprise-wide Suites
        </h2>
      </a>
      <img
        alt="image"
        src="http://placeimg.com/400/400/nature"
      />
      <p>
        The Football Is Good For Training And Recreational Purposes
      </p>
      <p>
        Address: 
        00326 Ebba Harbors, North Serenashire, Florida, 60177
      </p>
      <p>
        $$$: $
        467
      </p>
    </div>
  </li>
  <li>
    <div>
      <a
        activeclassname="selected"
        exact="true"
        href="/places/60ac55a713f85d2a6af9a253"
      >
        <h2>
          Licensed Face to face Motel
        </h2>
      </a>
      <img
        alt="image"
        src="http://placeimg.com/400/400/nature"
      />
      <p>
        The beautiful range of Apple Naturalé that has an exciting mix of natural ingredients. With the Goodness of 100% Natural Ingredients
      </p>
      <p>
        Address: 
        033 Lemke Vista, South Camronland, Wisconsin, 52334
      </p>
      <p>
        $$$: $
        524
      </p>
    </div>
  </li>
  <li>
    <div>
      <a
        activeclassname="selected"
        exact="true"
        href="/places/60ac55a713f85d2a6af9a252"
      >
        <h2>
          Small Multi-channelled Zoo
        </h2>
      </a>
      <img
        alt="image"
        src="http://placeimg.com/400/400/nature"
      />
      <p>
        Andy shoes are designed to keeping in mind durability as well as trends, the most stylish range of shoes & sandals
      </p>
      <p>
        Address: 
        07336 Olin Bypass, Morarhaven, Ohio, 48609-1784
      </p>
      <p>
        $$$: $
        541
      </p>
    </div>
  </li>
  <li>
    <div>
      <a
        activeclassname="selected"
        exact="true"
        href="/places/60ac55a713f85d2a6af9a254"
      >
        <h2>
          Handcrafted User-friendly Zoo
        </h2>
      </a>
      <img
        alt="image"
        src="http://placeimg.com/400/400/nightlife"
      />
      <p>
        The automobile layout consists of a front-engine design, with transaxle-type transmissions mounted at the rear of the engine and four wheel drive
      </p>
      <p>
        Address: 
        3963 Cruickshank Freeway, West Osvaldo, Alabama, 99917-6202
      </p>
      <p>
        $$$: $
        441
      </p>
    </div>
  </li>
  <li>
    <div>
      <a
        activeclassname="selected"
        exact="true"
        href="/places/60ac55a713f85d2a6af9a255"
      >
        <h2>
          Tasty Right-sized Park
        </h2>
      </a>
      <img
        alt="image"
        src="http://placeimg.com/400/400"
      />
      <p>
        The Football Is Good For Training And Recreational Purposes
      </p>
      <p>
        Address: 
        451 Stehr Village, South Braden, Washington, 85389-8321
      </p>
      <p>
        $$$: $
        566
      </p>
    </div>
  </li>
  <li>
    <div>
      <a
        activeclassname="selected"
        exact="true"
        href="/places/60ac55a713f85d2a6af9a256"
      >
        <h2>
          Gorgeous Proactive Express
        </h2>
      </a>
      <img
        alt="image"
        src="http://placeimg.com/400/400/nature"
      />
      <p>
        Boston's most advanced compression wear technology increases muscle oxygenation, stabilizes active muscles
      </p>
      <p>
        Address: 
        637 Osbaldo Causeway, Lake Mellietown, West Virginia, 06271
      </p>
      <p>
        $$$: $
        193
      </p>
    </div>
  </li>
  <li>
    <div>
      <a
        activeclassname="selected"
        exact="true"
        href="/places/60ac55a713f85d2a6af9a257"
      >
        <h2>
          Fantastic Devolved Inn
        </h2>
      </a>
      <img
        alt="image"
        src="http://placeimg.com/400/400/nightlife"
      />
      <p>
        The automobile layout consists of a front-engine design, with transaxle-type transmissions mounted at the rear of the engine and four wheel drive
      </p>
      <p>
        Address: 
        3750 Pamela Loaf, Moline, Connecticut, 57744-5155
      </p>
      <p>
        $$$: $
        337
      </p>
    </div>
  </li>
  <li>
    <div>
      <a
        activeclassname="selected"
        exact="true"
        href="/places/60ac55a713f85d2a6af9a258"
      >
        <h2>
          Refined Organic Express
        </h2>
      </a>
      <img
        alt="image"
        src="http://placeimg.com/400/400"
      />
      <p>
        The Apollotech B340 is an affordable wireless mouse with reliable connectivity, 12 months battery life and modern design
      </p>
      <p>
        Address: 
        1083 Tevin Turnpike, New Waylonshire, New York, 86098-7143
      </p>
      <p>
        $$$: $
        320
      </p>
    </div>
  </li>
  <li>
    <div>
      <a
        activeclassname="selected"
        exact="true"
        href="/places/60ac55a713f85d2a6af9a259"
      >
        <h2>
          Tasty Organic Park
        </h2>
      </a>
      <img
        alt="image"
        src="http://placeimg.com/400/400/nature"
      />
      <p>
        The Football Is Good For Training And Recreational Purposes
      </p>
      <p>
        Address: 
        25988 Garrett Key, Pueblo, Idaho, 57090-3392
      </p>
      <p>
        $$$: $
        149
      </p>
    </div>
  </li>
  <li>
    <div>
      <a
        activeclassname="selected"
        exact="true"
        href="/places/60ac55a713f85d2a6af9a25a"
      >
        <h2>
          Practical Self-enabling Zoo
        </h2>
      </a>
      <img
        alt="image"
        src="http://placeimg.com/400/400/nightlife"
      />
      <p>
        The beautiful range of Apple Naturalé that has an exciting mix of natural ingredients. With the Goodness of 100% Natural Ingredients
      </p>
      <p>
        Address: 
        1042 Miller Pines, Jonathanton, South Dakota, 84725-7771
      </p>
      <p>
        $$$: $
        111
      </p>
    </div>
  </li>
  <li>
    <div>
      <a
        activeclassname="selected"
        exact="true"
        href="/places/60ac55a713f85d2a6af9a25c"
      >
        <h2>
          Awesome Fundamental Suites
        </h2>
      </a>
      <img
        alt="image"
        src="http://placeimg.com/400/400/nightlife"
      />
      <p>
        The automobile layout consists of a front-engine design, with transaxle-type transmissions mounted at the rear of the engine and four wheel drive
      </p>
      <p>
        Address: 
        6946 Lind Expressway, East Guadalupe, Vermont, 18098-9486
      </p>
      <p>
        $$$: $
        272
      </p>
    </div>
  </li>
  <li>
    <div>
      <a
        activeclassname="selected"
        exact="true"
        href="/places/60ac55a713f85d2a6af9a25d"
      >
        <h2>
          Handcrafted Expanded Hotel
        </h2>
      </a>
      <img
        alt="image"
        src="http://placeimg.com/400/400"
      />
      <p>
        The Football Is Good For Training And Recreational Purposes
      </p>
      <p>
        Address: 
        993 Jayson Drives, Port Malindachester, Georgia, 17002
      </p>
      <p>
        $$$: $
        549
      </p>
    </div>
  </li>
  <li>
    <div>
      <a
        activeclassname="selected"
        exact="true"
        href="/places/60ac55a713f85d2a6af9a25b"
      >
        <h2>
          Rustic Integrated Hotel
        </h2>
      </a>
      <img
        alt="image"
        src="http://placeimg.com/400/400/nature"
      />
      <p>
        New range of formal shirts are designed keeping you in mind. With fits and styling that will make you stand apart
      </p>
      <p>
        Address: 
        7508 Dorothy Camp, Enterprise, New Mexico, 68844
      </p>
      <p>
        $$$: $
        325
      </p>
    </div>
  </li>
  <li>
    <div>
      <a
        activeclassname="selected"
        exact="true"
        href="/places/60ac55a713f85d2a6af9a25e"
      >
        <h2>
          Sleek Object-based Motel
        </h2>
      </a>
      <img
        alt="image"
        src="http://placeimg.com/400/400/nightlife"
      />
      <p>
        Carbonite web goalkeeper gloves are ergonomically designed to give easy fit
      </p>
      <p>
        Address: 
        085 Sipes Summit, Haleyview, Arkansas, 32091
      </p>
      <p>
        $$$: $
        603
      </p>
    </div>
  </li>
  <li>
    <div>
      <a
        activeclassname="selected"
        exact="true"
        href="/places/60ac55a713f85d2a6af9a260"
      >
        <h2>
          Tasty Phased Zoo
        </h2>
      </a>
      <img
        alt="image"
        src="http://placeimg.com/400/400/nightlife"
      />
      <p>
        New range of formal shirts are designed keeping you in mind. With fits and styling that will make you stand apart
      </p>
      <p>
        Address: 
        4803 Schaden Field, East Coraport, Ohio, 93603-7231
      </p>
      <p>
        $$$: $
        657
      </p>
    </div>
  </li>
  <li>
    <div>
      <a
        activeclassname="selected"
        exact="true"
        href="/places/60ac55a713f85d2a6af9a261"
      >
        <h2>
          Refined Sharable Inn
        </h2>
      </a>
      <img
        alt="image"
        src="http://placeimg.com/400/400"
      />
      <p>
        The beautiful range of Apple Naturalé that has an exciting mix of natural ingredients. With the Goodness of 100% Natural Ingredients
      </p>
      <p>
        Address: 
        407 Leta View, Raoulland, Louisiana, 64694-0466
      </p>
      <p>
        $$$: $
        490
      </p>
    </div>
  </li>
  <li>
    <div>
      <a
        activeclassname="selected"
        exact="true"
        href="/places/60ac55a713f85d2a6af9a25f"
      >
        <h2>
          Intelligent Balanced Inn
        </h2>
      </a>
      <img
        alt="image"
        src="http://placeimg.com/400/400/nightlife"
      />
      <p>
        New range of formal shirts are designed keeping you in mind. With fits and styling that will make you stand apart
      </p>
      <p>
        Address: 
        243 Stracke Lane, Aydenmouth, Hawaii, 89339-8239
      </p>
      <p>
        $$$: $
        169
      </p>
    </div>
  </li>
  <li>
    <div>
      <a
        activeclassname="selected"
        exact="true"
        href="/places/60ac55a713f85d2a6af9a262"
      >
        <h2>
          Incredible Organic Express
        </h2>
      </a>
      <img
        alt="image"
        src="http://placeimg.com/400/400"
      />
      <p>
        Ergonomic executive chair upholstered in bonded black leather and PVC padded seat and back for all-day comfort and support
      </p>
      <p>
        Address: 
        34384 Bauch Estate, Maple Grove, Vermont, 54607-5471
      </p>
      <p>
        $$$: $
        129
      </p>
    </div>
  </li>
</ul>
`;
